export const snapshot = {};

snapshot[`Generate Instructions > UNSET Instruction > should generate an UNSET instruction if the field is a node and a rule evaluates to an UNSET instruction 1`] = `
[
  {
    field: "type",
    path: "statements[0]",
    type: "UNSET",
  },
]
`;

snapshot[`Generate Instructions > UNSET Instruction > should not define an UNSET instruction if the field is a node and the rule does not evaluate to an instruction 1`] = `
[
]
`;
