export const snapshot = {};

snapshot[`Instructions > Generate SET Instruction > should generate a SET Instruction if the field is a node, the field node doesn't exist and no instructions are specified on the field definition 1`] = `
[
  {
    definition: {
      kind: "VoidKeyword",
    },
    field: "type",
    path: "statements[0]",
    type: "SET",
  },
]
`;

snapshot[`Instructions > Generate SET Instruction > should generate a SET Instruction if the field is a node and the field node is not found using the defined instruction ID 1`] = `
[
  {
    definition: {
      kind: "VoidKeyword",
    },
    field: "type",
    path: "statements[0]",
    type: "SET",
  },
]
`;

snapshot[`Instructions > Generate SET Instruction > should not generate a SET Instruction if the field is a node, the field node exists and no instructions are specified on the field definition 1`] = `
[
]
`;

snapshot[`Instructions > Generate SET Instruction > should not generate a SET Instruction if the field is a node and the field node is found using the defined instruction ID 1`] = `
[
]
`;

snapshot[`Instructions > Process SET Instruction > should process a SET Instruction if the field is a node, the field node doesn't exist and no instructions are specified on the field definition 1`] = `
"
export function hello(): void { }
"
`;
